
Discarded input sections

 .text          0x00000000       0x14 ../start/Gcc/startup_stm32f10x_md.o
 .data          0x00000000        0x0 ../start/Gcc/startup_stm32f10x_md.o
 .bss           0x00000000        0x0 ../start/Gcc/startup_stm32f10x_md.o
 .text          0x00000000        0x0 ../start/CMSIS/core_cm3.o
 .data          0x00000000        0x0 ../start/CMSIS/core_cm3.o
 .bss           0x00000000        0x0 ../start/CMSIS/core_cm3.o
 .text.__get_PSP
                0x00000000        0x8 ../start/CMSIS/core_cm3.o
 .text.__set_PSP
                0x00000000        0x6 ../start/CMSIS/core_cm3.o
 .text.__get_MSP
                0x00000000        0x8 ../start/CMSIS/core_cm3.o
 .text.__set_MSP
                0x00000000        0x6 ../start/CMSIS/core_cm3.o
 .text.__get_BASEPRI
                0x00000000        0x6 ../start/CMSIS/core_cm3.o
 .text.__set_BASEPRI
                0x00000000        0x6 ../start/CMSIS/core_cm3.o
 .text.__get_PRIMASK
                0x00000000        0x6 ../start/CMSIS/core_cm3.o
 .text.__set_PRIMASK
                0x00000000        0x6 ../start/CMSIS/core_cm3.o
 .text.__get_FAULTMASK
                0x00000000        0x6 ../start/CMSIS/core_cm3.o
 .text.__set_FAULTMASK
                0x00000000        0x6 ../start/CMSIS/core_cm3.o
 .text.__get_CONTROL
                0x00000000        0x6 ../start/CMSIS/core_cm3.o
 .text.__set_CONTROL
                0x00000000        0x6 ../start/CMSIS/core_cm3.o
 .text.__REV    0x00000000        0x4 ../start/CMSIS/core_cm3.o
 .text.__REV16  0x00000000        0x4 ../start/CMSIS/core_cm3.o
 .text.__REVSH  0x00000000        0x4 ../start/CMSIS/core_cm3.o
 .text.__RBIT   0x00000000        0x6 ../start/CMSIS/core_cm3.o
 .text.__LDREXB
                0x00000000        0x8 ../start/CMSIS/core_cm3.o
 .text.__LDREXH
                0x00000000        0x8 ../start/CMSIS/core_cm3.o
 .text.__LDREXW
                0x00000000        0x6 ../start/CMSIS/core_cm3.o
 .text.__STREXB
                0x00000000        0x8 ../start/CMSIS/core_cm3.o
 .text.__STREXH
                0x00000000        0x8 ../start/CMSIS/core_cm3.o
 .text.__STREXW
                0x00000000        0x6 ../start/CMSIS/core_cm3.o
 .debug_info    0x00000000      0x647 ../start/CMSIS/core_cm3.o
 .debug_abbrev  0x00000000       0xd3 ../start/CMSIS/core_cm3.o
 .debug_loc     0x00000000      0x3a2 ../start/CMSIS/core_cm3.o
 .debug_aranges
                0x00000000       0xc8 ../start/CMSIS/core_cm3.o
 .debug_ranges  0x00000000       0xb8 ../start/CMSIS/core_cm3.o
 .debug_line    0x00000000      0x37b ../start/CMSIS/core_cm3.o
 .debug_str     0x00000000      0x30f ../start/CMSIS/core_cm3.o
 .comment       0x00000000       0x56 ../start/CMSIS/core_cm3.o
 .debug_frame   0x00000000      0x170 ../start/CMSIS/core_cm3.o
 .ARM.attributes
                0x00000000       0x2d ../start/CMSIS/core_cm3.o
 .text          0x00000000        0x0 ../start/CMSIS/system_stm32f10x.o
 .data          0x00000000        0x0 ../start/CMSIS/system_stm32f10x.o
 .bss           0x00000000        0x0 ../start/CMSIS/system_stm32f10x.o
 .text.SystemCoreClockUpdate
                0x00000000       0x54 ../start/CMSIS/system_stm32f10x.o
 .data.AHBPrescTable
                0x00000000       0x10 ../start/CMSIS/system_stm32f10x.o
 .data.SystemCoreClock
                0x00000000        0x4 ../start/CMSIS/system_stm32f10x.o
 .text          0x00000000        0x0 ../start/lib/src/misc.o
 .data          0x00000000        0x0 ../start/lib/src/misc.o
 .bss           0x00000000        0x0 ../start/lib/src/misc.o
 .text.NVIC_PriorityGroupConfig
                0x00000000       0x14 ../start/lib/src/misc.o
 .text.NVIC_Init
                0x00000000       0x54 ../start/lib/src/misc.o
 .text.NVIC_SetVectorTable
                0x00000000       0x14 ../start/lib/src/misc.o
 .text.NVIC_SystemLPConfig
                0x00000000       0x18 ../start/lib/src/misc.o
 .text.SysTick_CLKSourceConfig
                0x00000000       0x16 ../start/lib/src/misc.o
 .debug_info    0x00000000      0x591 ../start/lib/src/misc.o
 .debug_abbrev  0x00000000      0x194 ../start/lib/src/misc.o
 .debug_loc     0x00000000      0x189 ../start/lib/src/misc.o
 .debug_aranges
                0x00000000       0x40 ../start/lib/src/misc.o
 .debug_ranges  0x00000000       0x30 ../start/lib/src/misc.o
 .debug_line    0x00000000      0x2c1 ../start/lib/src/misc.o
 .debug_str     0x00000000      0x3d6 ../start/lib/src/misc.o
 .comment       0x00000000       0x56 ../start/lib/src/misc.o
 .debug_frame   0x00000000       0x6c ../start/lib/src/misc.o
 .ARM.attributes
                0x00000000       0x2d ../start/lib/src/misc.o
 .text          0x00000000        0x0 ../start/lib/src/stm32f10x_adc.o
 .data          0x00000000        0x0 ../start/lib/src/stm32f10x_adc.o
 .bss           0x00000000        0x0 ../start/lib/src/stm32f10x_adc.o
 .text.ADC_DeInit
                0x00000000       0x60 ../start/lib/src/stm32f10x_adc.o
 .text.ADC_Init
[...]
Memory Configuration

Name             Origin             Length             Attributes
flash            0x08000000         0x00010000         xr
ram              0x20000000         0x00005000         xrw
*default*        0x00000000         0xffffffff

Linker script and memory map

LOAD ../start/Gcc/startup_stm32f10x_md.o
LOAD ../start/CMSIS/core_cm3.o
LOAD ../start/CMSIS/system_stm32f10x.o
LOAD ../start/lib/src/misc.o
LOAD ../start/lib/src/stm32f10x_adc.o
LOAD ../start/lib/src/stm32f10x_bkp.o
LOAD ../start/lib/src/stm32f10x_can.o
LOAD ../start/lib/src/stm32f10x_cec.o
LOAD ../start/lib/src/stm32f10x_crc.o
LOAD ../start/lib/src/stm32f10x_dac.o
LOAD ../start/lib/src/stm32f10x_dbgmcu.o
LOAD ../start/lib/src/stm32f10x_dma.o
LOAD ../start/lib/src/stm32f10x_exti.o
LOAD ../start/lib/src/stm32f10x_flash.o
LOAD ../start/lib/src/stm32f10x_fsmc.o
LOAD ../start/lib/src/stm32f10x_gpio.o
LOAD ../start/lib/src/stm32f10x_i2c.o
LOAD ../start/lib/src/stm32f10x_iwdg.o
LOAD ../start/lib/src/stm32f10x_pwr.o
LOAD ../start/lib/src/stm32f10x_rcc.o
LOAD ../start/lib/src/stm32f10x_rtc.o
LOAD ../start/lib/src/stm32f10x_sdio.o
LOAD ../start/lib/src/stm32f10x_spi.o
LOAD ../start/lib/src/stm32f10x_tim.o
LOAD ../start/lib/src/stm32f10x_usart.o
LOAD ../start/lib/src/stm32f10x_wwdg.o
LOAD ../User/main.o
LOAD ../User/stm32f10x_it.o
LOAD /home/s/compile/stm32/arm-gnu-toolchain-12.2.mpacbti-rel1-x86_64-arm-none-eabi/bin/../lib/gcc/arm-none-eabi/12.2.1/../../../../arm-none-eabi/lib/thumb/v7-m/nofp/libm.a
START GROUP
LOAD /home/s/compile/stm32/arm-gnu-toolchain-12.2.mpacbti-rel1-x86_64-arm-none-eabi/bin/../lib/gcc/arm-none-eabi/12.2.1/thumb/v7-m/nofp/libgcc.a
LOAD /home/s/compile/stm32/arm-gnu-toolchain-12.2.mpacbti-rel1-x86_64-arm-none-eabi/bin/../lib/gcc/arm-none-eabi/12.2.1/../../../../arm-none-eabi/lib/thumb/v7-m/nofp/libg.a
LOAD /home/s/compile/stm32/arm-gnu-toolchain-12.2.mpacbti-rel1-x86_64-arm-none-eabi/bin/../lib/gcc/arm-none-eabi/12.2.1/../../../../arm-none-eabi/lib/thumb/v7-m/nofp/libc.a
END GROUP
START GROUP
LOAD /home/s/compile/stm32/arm-gnu-toolchain-12.2.mpacbti-rel1-x86_64-arm-none-eabi/bin/../lib/gcc/arm-none-eabi/12.2.1/thumb/v7-m/nofp/libgcc.a
LOAD /home/s/compile/stm32/arm-gnu-toolchain-12.2.mpacbti-rel1-x86_64-arm-none-eabi/bin/../lib/gcc/arm-none-eabi/12.2.1/../../../../arm-none-eabi/lib/thumb/v7-m/nofp/libc.a
LOAD /home/s/compile/stm32/arm-gnu-toolchain-12.2.mpacbti-rel1-x86_64-arm-none-eabi/bin/../lib/gcc/arm-none-eabi/12.2.1/../../../../arm-none-eabi/lib/thumb/v7-m/nofp/librdimon.a
END GROUP
                0x00000200                        _heap_size = 0x200
                0x00000400                        _stack_size = 0x400
                0x20005000                        _estack = (ORIGIN (ram) + LENGTH (ram))

.isr_vector     0x08000000      0x10c
                0x08000000                        __isr_vector_start__ = .
 *(.isr_vector)
 .isr_vector    0x08000000      0x10c ../start/Gcc/startup_stm32f10x_md.o
                0x08000000                g_pfnVectors
                0x00000001                        ASSERT ((. != __isr_vector_start__), The .isr_vector section is empty)

.text           0x0800010c      0x224
                0x0800010c                        . = ALIGN (0x4)
                0x0800010c                        _stext = .
 *(.text*)
 .text.Reset_Handler
                0x0800010c       0x44 ../start/Gcc/startup_stm32f10x_md.o
                0x0800010c                Reset_Handler
 .text.Default_Handler
                0x08000150        0x2 ../start/Gcc/startup_stm32f10x_md.o
                0x08000150                EXTI2_IRQHandler
                0x08000150                TIM1_CC_IRQHandler
                0x08000150                PVD_IRQHandler
                0x08000150                EXTI3_IRQHandler
                0x08000150                EXTI0_IRQHandler
                0x08000150                I2C2_EV_IRQHandler
                0x08000150                ADC1_2_IRQHandler
                0x08000150                SPI1_IRQHandler
                0x08000150                TAMPER_IRQHandler
                0x08000150                DMA1_Channel4_IRQHandler
                0x08000150                USART3_IRQHandler
                0x08000150                RTC_IRQHandler
                0x08000150                DMA1_Channel7_IRQHandler
                0x08000150                CAN1_RX1_IRQHandler
                0x08000150                TIM4_IRQHandler
                0x08000150                I2C1_EV_IRQHandler
                0x08000150                DMA1_Channel6_IRQHandler
                0x08000150                TIM3_IRQHandler
                0x08000150                RCC_IRQHandler
                0x08000150                TIM1_TRG_COM_IRQHandler
                0x08000150                DMA1_Channel1_IRQHandler
                0x08000150                Default_Handler
                0x08000150                EXTI15_10_IRQHandler
                0x08000150                EXTI9_5_IRQHandler
                0x08000150                SPI2_IRQHandler
                0x08000150                DMA1_Channel5_IRQHandler
                0x08000150                EXTI4_IRQHandler
                0x08000150                USB_LP_CAN1_RX0_IRQHandler
                0x08000150                USB_HP_CAN1_TX_IRQHandler
                0x08000150                DMA1_Channel3_IRQHandler
                0x08000150                TIM1_UP_IRQHandler
                0x08000150                WWDG_IRQHandler
                0x08000150                TIM2_IRQHandler
                0x08000150                TIM1_BRK_IRQHandler
                0x08000150                EXTI1_IRQHandler
                0x08000150                RTCAlarm_IRQHandler
                0x08000150                USART2_IRQHandler
                0x08000150                I2C2_ER_IRQHandler
                0x08000150                DMA1_Channel2_IRQHandler
                0x08000150                CAN1_SCE_IRQHandler
                0x08000150                FLASH_IRQHandler
                0x08000150                USART1_IRQHandler
                0x08000150                I2C1_ER_IRQHandler
                0x08000150                USBWakeUp_IRQHandler
 *fill*         0x08000152        0x2 
 .text.SystemInit
                0x08000154       0xf0 ../start/CMSIS/system_stm32f10x.o
                0x08000154                SystemInit
 .text.GPIO_Init
                0x08000244       0x94 ../start/lib/src/stm32f10x_gpio.o
                0x08000244                GPIO_Init
 .text.GPIO_ResetBits
                0x080002d8        0x4 ../start/lib/src/stm32f10x_gpio.o
                0x080002d8                GPIO_ResetBits
 .text.RCC_APB2PeriphClockCmd
                0x080002dc       0x18 ../start/lib/src/stm32f10x_rcc.o
                0x080002dc                RCC_APB2PeriphClockCmd
 .text.startup.main
                0x080002f4       0x28 ../User/main.o
                0x080002f4                main
 .text.NMI_Handler
                0x0800031c        0x2 ../User/stm32f10x_it.o
                0x0800031c                NMI_Handler
 .text.HardFault_Handler
                0x0800031e        0x2 ../User/stm32f10x_it.o
                0x0800031e                HardFault_Handler
 .text.MemManage_Handler
                0x08000320        0x2 ../User/stm32f10x_it.o
                0x08000320                MemManage_Handler
 .text.BusFault_Handler
                0x08000322        0x2 ../User/stm32f10x_it.o
                0x08000322                BusFault_Handler
 .text.UsageFault_Handler
                0x08000324        0x2 ../User/stm32f10x_it.o
                0x08000324                UsageFault_Handler
 .text.SVC_Handler
                0x08000326        0x2 ../User/stm32f10x_it.o
                0x08000326                SVC_Handler
 .text.DebugMon_Handler
                0x08000328        0x2 ../User/stm32f10x_it.o
                0x08000328                DebugMon_Handler
 .text.PendSV_Handler
                0x0800032a        0x2 ../User/stm32f10x_it.o
                0x0800032a                PendSV_Handler
 .text.SysTick_Handler
                0x0800032c        0x2 ../User/stm32f10x_it.o
                0x0800032c                SysTick_Handler
 *(.rodata*)
 *(.init)
 *(.fini)
                0x08000330                        . = ALIGN (0x4)
 *fill*         0x0800032e        0x2 
                0x08000330                        _etext = .

.glue_7         0x08000330        0x0
 .glue_7        0x08000330        0x0 linker stubs

.glue_7t        0x08000330        0x0
 .glue_7t       0x08000330        0x0 linker stubs

.vfp11_veneer   0x08000330        0x0
 .vfp11_veneer  0x08000330        0x0 linker stubs

.v4_bx          0x08000330        0x0
 .v4_bx         0x08000330        0x0 linker stubs

.iplt           0x08000330        0x0
 .iplt          0x08000330        0x0 ../start/Gcc/startup_stm32f10x_md.o

.rel.dyn        0x08000330        0x0
 .rel.iplt      0x08000330        0x0 ../start/Gcc/startup_stm32f10x_md.o

.ARM.extab
 *(.ARM.extab*)

.ARM.exidx
 *(.ARM.exidx*)

.preinit_array  0x08000330        0x0
                [!provide]                        PROVIDE (__preinit_array_start = .)
 *(.preinit_array*)
                [!provide]                        PROVIDE (__preinit_array_end = .)

.init_array     0x08000330        0x0
                [!provide]                        PROVIDE (__init_array_start = .)
 *(SORT_BY_NAME(.init_array.*))
 *(.init_array*)
                [!provide]                        PROVIDE (__init_array_end = .)

.fini_array     0x08000330        0x0
                [!provide]                        PROVIDE (__fini_array_start = .)
 *(SORT_BY_NAME(.fini_array.*))
 *(.fini_array*)
                [!provide]                        PROVIDE (__fini_array_end = .)
                0x08000330                        _sidata = .

.data           0x20000000        0x0 load address 0x08000330
                0x20000000                        . = ALIGN (0x4)
                0x20000000                        _sdata = .
 *(.data*)
                0x20000000                        . = ALIGN (0x4)
                0x20000000                        _edata = .

.igot.plt       0x20000000        0x0
 .igot.plt      0x20000000        0x0 ../start/Gcc/startup_stm32f10x_md.o

.bss            0x20000000        0x0
                0x20000000                        . = ALIGN (0x4)
                0x20000000                        _sbss = .
 *(.bss*)
 *(COMMON)
                0x20000000                        . = ALIGN (0x4)
                0x20000000                        _ebss = .
                0x20000000                        . = ALIGN (0x4)
                0x20000000                        end = .

._heap          0x20000000      0x200
                0x20000000                        . = ALIGN (0x4)
                0x20000200                        . = (. + _heap_size)
 *fill*         0x20000000      0x200 
                0x20000200                        . = ALIGN (0x4)

._stack         0x20000200      0x400
                0x20000200                        . = ALIGN (0x4)
                0x20000600                        . = (. + _stack_size)
 *fill*         0x20000200      0x400 
                0x20000600                        . = ALIGN (0x4)
                0x0000010c                        __isr_vector_size__ = SIZEOF (.isr_vector)
                0x00000224                        __text_size__ = SIZEOF (.text)
                0x00000000                        __data_size__ = SIZEOF (.data)
                0x00000000                        __bss_size__ = SIZEOF (.bss)
OUTPUT(LED.elf elf32-littlearm)
LOAD linker stubs

.ARM.attributes
                0x00000000       0x2f
 .ARM.attributes
                0x00000000       0x21 ../start/Gcc/startup_stm32f10x_md.o
 .ARM.attributes
                0x00000021       0x2d ../start/CMSIS/system_stm32f10x.o
 .ARM.attributes
                0x0000004e       0x2d ../start/lib/src/stm32f10x_gpio.o
 .ARM.attributes
                0x0000007b       0x2d ../start/lib/src/stm32f10x_rcc.o
 .ARM.attributes
                0x000000a8       0x2d ../User/main.o
 .ARM.attributes
                0x000000d5       0x2d ../User/stm32f10x_it.o

.comment        0x00000000       0x55
 .comment       0x00000000       0x55 ../start/CMSIS/system_stm32f10x.o
                                 0x56 (size before relaxing)
 .comment       0x00000055       0x56 ../start/lib/src/stm32f10x_gpio.o
 .comment       0x00000055       0x56 ../start/lib/src/stm32f10x_rcc.o
 .comment       0x00000055       0x56 ../User/main.o
 .comment       0x00000055       0x56 ../User/stm32f10x_it.o

.debug_line     0x00000000     0x15e8
 .debug_line    0x00000000       0x7f ../start/Gcc/startup_stm32f10x_md.o
 .debug_line    0x0000007f      0x381 ../start/CMSIS/system_stm32f10x.o
 .debug_line    0x00000400      0x67f ../start/lib/src/stm32f10x_gpio.o
 .debug_line    0x00000a7f      0x889 ../start/lib/src/stm32f10x_rcc.o
 .debug_line    0x00001308      0x1bc ../User/main.o
 .debug_line    0x000014c4      0x124 ../User/stm32f10x_it.o

.debug_info     0x00000000     0x1c25
 .debug_info    0x00000000       0x30 ../start/Gcc/startup_stm32f10x_md.o
 .debug_info    0x00000030      0x509 ../start/CMSIS/system_stm32f10x.o
 .debug_info    0x00000539      0x8fb ../start/lib/src/stm32f10x_gpio.o
 .debug_info    0x00000e34      0x9ff ../start/lib/src/stm32f10x_rcc.o
 .debug_info    0x00001833      0x2e6 ../User/main.o
 .debug_info    0x00001b19      0x10c ../User/stm32f10x_it.o

.debug_abbrev   0x00000000      0x871
 .debug_abbrev  0x00000000       0x1d ../start/Gcc/startup_stm32f10x_md.o
 .debug_abbrev  0x0000001d      0x1d6 ../start/CMSIS/system_stm32f10x.o
 .debug_abbrev  0x000001f3      0x27d ../start/lib/src/stm32f10x_gpio.o
 .debug_abbrev  0x00000470      0x240 ../start/lib/src/stm32f10x_rcc.o
 .debug_abbrev  0x000006b0      0x147 ../User/main.o
 .debug_abbrev  0x000007f7       0x7a ../User/stm32f10x_it.o

.debug_aranges  0x00000000      0x290
 .debug_aranges
                0x00000000       0x28 ../start/Gcc/startup_stm32f10x_md.o
 .debug_aranges
                0x00000028       0x28 ../start/CMSIS/system_stm32f10x.o
 .debug_aranges
                0x00000050       0xa8 ../start/lib/src/stm32f10x_gpio.o
 .debug_aranges
                0x000000f8      0x118 ../start/lib/src/stm32f10x_rcc.o
 .debug_aranges
                0x00000210       0x20 ../User/main.o
 .debug_aranges
                0x00000230       0x60 ../User/stm32f10x_it.o

.debug_str      0x00000000      0xb0a
 .debug_str     0x00000000       0x58 ../start/Gcc/startup_stm32f10x_md.o
 .debug_str     0x00000058      0x27d ../start/CMSIS/system_stm32f10x.o
                                0x2fc (size before relaxing)
 .debug_str     0x000002d5      0x3b6 ../start/lib/src/stm32f10x_gpio.o
                                0x54e (size before relaxing)
 .debug_str     0x0000068b      0x3b1 ../start/lib/src/stm32f10x_rcc.o
                                0x638 (size before relaxing)
 .debug_str     0x00000a3c       0x27 ../User/main.o
                                0x319 (size before relaxing)
 .debug_str     0x00000a63       0xa7 ../User/stm32f10x_it.o
                                0x205 (size before relaxing)

.debug_ranges   0x00000000      0x238
 .debug_ranges  0x00000000       0x20 ../start/Gcc/startup_stm32f10x_md.o
 .debug_ranges  0x00000020       0x18 ../start/CMSIS/system_stm32f10x.o
 .debug_ranges  0x00000038       0x98 ../start/lib/src/stm32f10x_gpio.o
 .debug_ranges  0x000000d0      0x108 ../start/lib/src/stm32f10x_rcc.o
 .debug_ranges  0x000001d8       0x10 ../User/main.o
 .debug_ranges  0x000001e8       0x50 ../User/stm32f10x_it.o

.debug_loc      0x00000000      0xd14
 .debug_loc     0x00000000      0x115 ../start/CMSIS/system_stm32f10x.o
 .debug_loc     0x00000115      0x6e0 ../start/lib/src/stm32f10x_gpio.o
 .debug_loc     0x000007f5      0x4ff ../start/lib/src/stm32f10x_rcc.o
 .debug_loc     0x00000cf4       0x20 ../User/main.o

.debug_frame    0x00000000      0x490
 .debug_frame   0x00000000       0x38 ../start/CMSIS/system_stm32f10x.o
 .debug_frame   0x00000038      0x170 ../start/lib/src/stm32f10x_gpio.o
 .debug_frame   0x000001a8      0x220 ../start/lib/src/stm32f10x_rcc.o
 .debug_frame   0x000003c8       0x28 ../User/main.o
 .debug_frame   0x000003f0       0xa0 ../User/stm32f10x_it.o

Cross Reference Table

Symbol                                            File
ADC1_2_IRQHandler                                 ../start/Gcc/startup_stm32f10x_md.o
ADC_AnalogWatchdogCmd                             ../start/lib/src/stm32f10x_adc.o
ADC_AnalogWatchdogSingleChannelConfig             ../start/lib/src/stm32f10x_adc.o
ADC_AnalogWatchdogThresholdsConfig                ../start/lib/src/stm32f10x_adc.o
ADC_AutoInjectedConvCmd                           ../start/lib/src/stm32f10x_adc.o
ADC_ClearFlag                                     ../start/lib/src/stm32f10x_adc.o
ADC_ClearITPendingBit                             ../start/lib/src/stm32f10x_adc.o
ADC_Cmd                                           ../start/lib/src/stm32f10x_adc.o
ADC_DMACmd                                        ../start/lib/src/stm32f10x_adc.o
ADC_DeInit                                        ../start/lib/src/stm32f10x_adc.o
ADC_DiscModeChannelCountConfig                    ../start/lib/src/stm32f10x_adc.o
ADC_DiscModeCmd                                   ../start/lib/src/stm32f10x_adc.o
ADC_ExternalTrigConvCmd                           ../start/lib/src/stm32f10x_adc.o
ADC_ExternalTrigInjectedConvCmd                   ../start/lib/src/stm32f10x_adc.o
ADC_ExternalTrigInjectedConvConfig                ../start/lib/src/stm32f10x_adc.o
ADC_GetCalibrationStatus                          ../start/lib/src/stm32f10x_adc.o
ADC_GetConversionValue                            ../start/lib/src/stm32f10x_adc.o
ADC_GetDualModeConversionValue                    ../start/lib/src/stm32f10x_adc.o
ADC_GetFlagStatus                                 ../start/lib/src/stm32f10x_adc.o
ADC_GetITStatus                                   ../start/lib/src/stm32f10x_adc.o
ADC_GetInjectedConversionValue                    ../start/lib/src/stm32f10x_adc.o
ADC_GetResetCalibrationStatus                     ../start/lib/src/stm32f10x_adc.o
ADC_GetSoftwareStartConvStatus                    ../start/lib/src/stm32f10x_adc.o
ADC_GetSoftwareStartInjectedConvCmdStatus         ../start/lib/src/stm32f10x_adc.o
ADC_ITConfig                                      ../start/lib/src/stm32f10x_adc.o
ADC_Init                                          ../start/lib/src/stm32f10x_adc.o
ADC_InjectedChannelConfig                         ../start/lib/src/stm32f10x_adc.o
ADC_InjectedDiscModeCmd                           ../start/lib/src/stm32f10x_adc.o
ADC_InjectedSequencerLengthConfig                 ../start/lib/src/stm32f10x_adc.o
ADC_RegularChannelConfig                          ../start/lib/src/stm32f10x_adc.o
ADC_ResetCalibration                              ../start/lib/src/stm32f10x_adc.o
ADC_SetInjectedOffset                             ../start/lib/src/stm32f10x_adc.o
ADC_SoftwareStartConvCmd                          ../start/lib/src/stm32f10x_adc.o
ADC_SoftwareStartInjectedConvCmd                  ../start/lib/src/stm32f10x_adc.o
ADC_StartCalibration                              ../start/lib/src/stm32f10x_adc.o
ADC_StructInit                                    ../start/lib/src/stm32f10x_adc.o
ADC_TempSensorVrefintCmd                          ../start/lib/src/stm32f10x_adc.o
AHBPrescTable                                     ../start/CMSIS/system_stm32f10x.o
BKP_ClearFlag                                     ../start/lib/src/stm32f10x_bkp.o
BKP_ClearITPendingBit                             ../start/lib/src/stm32f10x_bkp.o
BKP_DeInit                                        ../start/lib/src/stm32f10x_bkp.o
BKP_GetFlagStatus                                 ../start/lib/src/stm32f10x_bkp.o
BKP_GetITStatus                                   ../start/lib/src/stm32f10x_bkp.o
BKP_ITConfig                                      ../start/lib/src/stm32f10x_bkp.o
BKP_RTCOutputConfig                               ../start/lib/src/stm32f10x_bkp.o
BKP_ReadBackupRegister                            ../start/lib/src/stm32f10x_bkp.o
BKP_SetRTCCalibrationValue                        ../start/lib/src/stm32f10x_bkp.o
BKP_TamperPinCmd                                  ../start/lib/src/stm32f10x_bkp.o
BKP_TamperPinLevelConfig                          ../start/lib/src/stm32f10x_bkp.o
BKP_WriteBackupRegister                           ../start/lib/src/stm32f10x_bkp.o
BusFault_Handler                                  ../User/stm32f10x_it.o
                                                  ../start/Gcc/startup_stm32f10x_md.o
CAN1_RX1_IRQHandler                               ../start/Gcc/startup_stm32f10x_md.o
CAN1_SCE_IRQHandler                               ../start/Gcc/startup_stm32f10x_md.o
CAN_CancelTransmit                                ../start/lib/src/stm32f10x_can.o
CAN_ClearFlag                                     ../start/lib/src/stm32f10x_can.o
CAN_ClearITPendingBit                             ../start/lib/src/stm32f10x_can.o
CAN_DBGFreeze                                     ../start/lib/src/stm32f10x_can.o
CAN_DeInit                                        ../start/lib/src/stm32f10x_can.o
CAN_FIFORelease                                   ../start/lib/src/stm32f10x_can.o
CAN_FilterInit                                    ../start/lib/src/stm32f10x_can.o
CAN_GetFlagStatus                                 ../start/lib/src/stm32f10x_can.o
CAN_GetITStatus                                   ../start/lib/src/stm32f10x_can.o
CAN_GetLSBTransmitErrorCounter                    ../start/lib/src/stm32f10x_can.o
CAN_GetLastErrorCode                              ../start/lib/src/stm32f10x_can.o
CAN_GetReceiveErrorCounter                        ../start/lib/src/stm32f10x_can.o
CAN_ITConfig                                      ../start/lib/src/stm32f10x_can.o
CAN_Init                                          ../start/lib/src/stm32f10x_can.o
CAN_MessagePending                                ../start/lib/src/stm32f10x_can.o
CAN_OperatingModeRequest                          ../start/lib/src/stm32f10x_can.o
CAN_Receive                                       ../start/lib/src/stm32f10x_can.o
CAN_SlaveStartBank                                ../start/lib/src/stm32f10x_can.o
CAN_Sleep                                         ../start/lib/src/stm32f10x_can.o
CAN_StructInit                                    ../start/lib/src/stm32f10x_can.o
CAN_TTComModeCmd                                  ../start/lib/src/stm32f10x_can.o
CAN_Transmit                                      ../start/lib/src/stm32f10x_can.o
CAN_TransmitStatus                                ../start/lib/src/stm32f10x_can.o
CAN_WakeUp                                        ../start/lib/src/stm32f10x_can.o
CEC_ClearFlag                                     ../start/lib/src/stm32f10x_cec.o
CEC_ClearITPendingBit                             ../start/lib/src/stm32f10x_cec.o
CEC_Cmd                                           ../start/lib/src/stm32f10x_cec.o
CEC_DeInit                                        ../start/lib/src/stm32f10x_cec.o
CEC_EndOfMessageCmd                               ../start/lib/src/stm32f10x_cec.o
CEC_GetFlagStatus                                 ../start/lib/src/stm32f10x_cec.o
CEC_GetITStatus                                   ../start/lib/src/stm32f10x_cec.o
CEC_ITConfig                                      ../start/lib/src/stm32f10x_cec.o
CEC_Init                                          ../start/lib/src/stm32f10x_cec.o
CEC_OwnAddressConfig                              ../start/lib/src/stm32f10x_cec.o
CEC_ReceiveDataByte                               ../start/lib/src/stm32f10x_cec.o
CEC_SendDataByte                                  ../start/lib/src/stm32f10x_cec.o
CEC_SetPrescaler                                  ../start/lib/src/stm32f10x_cec.o
CEC_StartOfMessage                                ../start/lib/src/stm32f10x_cec.o
CRC_CalcBlockCRC                                  ../start/lib/src/stm32f10x_crc.o
CRC_CalcCRC                                       ../start/lib/src/stm32f10x_crc.o
CRC_GetCRC                                        ../start/lib/src/stm32f10x_crc.o
CRC_GetIDRegister                                 ../start/lib/src/stm32f10x_crc.o
CRC_ResetDR                                       ../start/lib/src/stm32f10x_crc.o
CRC_SetIDRegister                                 ../start/lib/src/stm32f10x_crc.o
DAC_Cmd                                           ../start/lib/src/stm32f10x_dac.o
DAC_DMACmd                                        ../start/lib/src/stm32f10x_dac.o
DAC_DeInit                                        ../start/lib/src/stm32f10x_dac.o
DAC_DualSoftwareTriggerCmd                        ../start/lib/src/stm32f10x_dac.o
DAC_GetDataOutputValue                            ../start/lib/src/stm32f10x_dac.o
DAC_Init                                          ../start/lib/src/stm32f10x_dac.o
DAC_SetChannel1Data                               ../start/lib/src/stm32f10x_dac.o
DAC_SetChannel2Data                               ../start/lib/src/stm32f10x_dac.o
DAC_SetDualChannelData                            ../start/lib/src/stm32f10x_dac.o
DAC_SoftwareTriggerCmd                            ../start/lib/src/stm32f10x_dac.o
DAC_StructInit                                    ../start/lib/src/stm32f10x_dac.o
DAC_WaveGenerationCmd                             ../start/lib/src/stm32f10x_dac.o
DBGMCU_Config                                     ../start/lib/src/stm32f10x_dbgmcu.o
DBGMCU_GetDEVID                                   ../start/lib/src/stm32f10x_dbgmcu.o
DBGMCU_GetREVID                                   ../start/lib/src/stm32f10x_dbgmcu.o
DMA1_Channel1_IRQHandler                          ../start/Gcc/startup_stm32f10x_md.o
DMA1_Channel2_IRQHandler                          ../start/Gcc/startup_stm32f10x_md.o
DMA1_Channel3_IRQHandler                          ../start/Gcc/startup_stm32f10x_md.o
DMA1_Channel4_IRQHandler                          ../start/Gcc/startup_stm32f10x_md.o
DMA1_Channel5_IRQHandler                          ../start/Gcc/startup_stm32f10x_md.o
DMA1_Channel6_IRQHandler                          ../start/Gcc/startup_stm32f10x_md.o
DMA1_Channel7_IRQHandler                          ../start/Gcc/startup_stm32f10x_md.o
DMA_ClearFlag                                     ../start/lib/src/stm32f10x_dma.o
DMA_ClearITPendingBit                             ../start/lib/src/stm32f10x_dma.o
DMA_Cmd                                           ../start/lib/src/stm32f10x_dma.o
DMA_DeInit                                        ../start/lib/src/stm32f10x_dma.o
DMA_GetCurrDataCounter                            ../start/lib/src/stm32f10x_dma.o
DMA_GetFlagStatus                                 ../start/lib/src/stm32f10x_dma.o
DMA_GetITStatus                                   ../start/lib/src/stm32f10x_dma.o
DMA_ITConfig                                      ../start/lib/src/stm32f10x_dma.o
DMA_Init                                          ../start/lib/src/stm32f10x_dma.o
DMA_SetCurrDataCounter                            ../start/lib/src/stm32f10x_dma.o
DMA_StructInit                                    ../start/lib/src/stm32f10x_dma.o
DebugMon_Handler                                  ../User/stm32f10x_it.o
                                                  ../start/Gcc/startup_stm32f10x_md.o
Default_Handler                                   ../start/Gcc/startup_stm32f10x_md.o
EXTI0_IRQHandler                                  ../start/Gcc/startup_stm32f10x_md.o
EXTI15_10_IRQHandler                              ../start/Gcc/startup_stm32f10x_md.o
EXTI1_IRQHandler                                  ../start/Gcc/startup_stm32f10x_md.o
EXTI2_IRQHandler                                  ../start/Gcc/startup_stm32f10x_md.o
EXTI3_IRQHandler                                  ../start/Gcc/startup_stm32f10x_md.o
EXTI4_IRQHandler                                  ../start/Gcc/startup_stm32f10x_md.o
EXTI9_5_IRQHandler                                ../start/Gcc/startup_stm32f10x_md.o
EXTI_ClearFlag                                    ../start/lib/src/stm32f10x_exti.o
EXTI_ClearITPendingBit                            ../start/lib/src/stm32f10x_exti.o
EXTI_DeInit                                       ../start/lib/src/stm32f10x_exti.o
EXTI_GenerateSWInterrupt                          ../start/lib/src/stm32f10x_exti.o
EXTI_GetFlagStatus                                ../start/lib/src/stm32f10x_exti.o
EXTI_GetITStatus                                  ../start/lib/src/stm32f10x_exti.o
EXTI_Init                                         ../start/lib/src/stm32f10x_exti.o
EXTI_StructInit                                   ../start/lib/src/stm32f10x_exti.o
FLASH_ClearFlag                                   ../start/lib/src/stm32f10x_flash.o
FLASH_EnableWriteProtection                       ../start/lib/src/stm32f10x_flash.o
FLASH_EraseAllBank1Pages                          ../start/lib/src/stm32f10x_flash.o
FLASH_EraseAllPages                               ../start/lib/src/stm32f10x_flash.o
FLASH_EraseOptionBytes                            ../start/lib/src/stm32f10x_flash.o
FLASH_ErasePage                                   ../start/lib/src/stm32f10x_flash.o
FLASH_GetBank1Status                              ../start/lib/src/stm32f10x_flash.o
FLASH_GetFlagStatus                               ../start/lib/src/stm32f10x_flash.o
FLASH_GetPrefetchBufferStatus                     ../start/lib/src/stm32f10x_flash.o
FLASH_GetReadOutProtectionStatus                  ../start/lib/src/stm32f10x_flash.o
FLASH_GetStatus                                   ../start/lib/src/stm32f10x_flash.o
FLASH_GetUserOptionByte                           ../start/lib/src/stm32f10x_flash.o
FLASH_GetWriteProtectionOptionByte                ../start/lib/src/stm32f10x_flash.o
FLASH_HalfCycleAccessCmd                          ../start/lib/src/stm32f10x_flash.o
FLASH_IRQHandler                                  ../start/Gcc/startup_stm32f10x_md.o
FLASH_ITConfig                                    ../start/lib/src/stm32f10x_flash.o
FLASH_Lock                                        ../start/lib/src/stm32f10x_flash.o
FLASH_LockBank1                                   ../start/lib/src/stm32f10x_flash.o
FLASH_PrefetchBufferCmd                           ../start/lib/src/stm32f10x_flash.o
FLASH_ProgramHalfWord                             ../start/lib/src/stm32f10x_flash.o
FLASH_ProgramOptionByteData                       ../start/lib/src/stm32f10x_flash.o
FLASH_ProgramWord                                 ../start/lib/src/stm32f10x_flash.o
FLASH_ReadOutProtection                           ../start/lib/src/stm32f10x_flash.o
FLASH_SetLatency                                  ../start/lib/src/stm32f10x_flash.o
FLASH_Unlock                                      ../start/lib/src/stm32f10x_flash.o
FLASH_UnlockBank1                                 ../start/lib/src/stm32f10x_flash.o
FLASH_UserOptionByteConfig                        ../start/lib/src/stm32f10x_flash.o
FLASH_WaitForLastBank1Operation                   ../start/lib/src/stm32f10x_flash.o
FLASH_WaitForLastOperation                        ../start/lib/src/stm32f10x_flash.o
FSMC_ClearFlag                                    ../start/lib/src/stm32f10x_fsmc.o
FSMC_ClearITPendingBit                            ../start/lib/src/stm32f10x_fsmc.o
FSMC_GetECC                                       ../start/lib/src/stm32f10x_fsmc.o
FSMC_GetFlagStatus                                ../start/lib/src/stm32f10x_fsmc.o
FSMC_GetITStatus                                  ../start/lib/src/stm32f10x_fsmc.o
FSMC_ITConfig                                     ../start/lib/src/stm32f10x_fsmc.o
FSMC_NANDCmd                                      ../start/lib/src/stm32f10x_fsmc.o
FSMC_NANDDeInit                                   ../start/lib/src/stm32f10x_fsmc.o
FSMC_NANDECCCmd                                   ../start/lib/src/stm32f10x_fsmc.o
FSMC_NANDInit                                     ../start/lib/src/stm32f10x_fsmc.o
FSMC_NANDStructInit                               ../start/lib/src/stm32f10x_fsmc.o
FSMC_NORSRAMCmd                                   ../start/lib/src/stm32f10x_fsmc.o
FSMC_NORSRAMDeInit                                ../start/lib/src/stm32f10x_fsmc.o
FSMC_NORSRAMInit                                  ../start/lib/src/stm32f10x_fsmc.o
FSMC_NORSRAMStructInit                            ../start/lib/src/stm32f10x_fsmc.o
FSMC_PCCARDCmd                                    ../start/lib/src/stm32f10x_fsmc.o
FSMC_PCCARDDeInit                                 ../start/lib/src/stm32f10x_fsmc.o
FSMC_PCCARDInit                                   ../start/lib/src/stm32f10x_fsmc.o
FSMC_PCCARDStructInit                             ../start/lib/src/stm32f10x_fsmc.o
GPIO_AFIODeInit                                   ../start/lib/src/stm32f10x_gpio.o
GPIO_DeInit                                       ../start/lib/src/stm32f10x_gpio.o
GPIO_ETH_MediaInterfaceConfig                     ../start/lib/src/stm32f10x_gpio.o
GPIO_EXTILineConfig                               ../start/lib/src/stm32f10x_gpio.o
GPIO_EventOutputCmd                               ../start/lib/src/stm32f10x_gpio.o
GPIO_EventOutputConfig                            ../start/lib/src/stm32f10x_gpio.o
GPIO_Init                                         ../start/lib/src/stm32f10x_gpio.o
                                                  ../User/main.o
GPIO_PinLockConfig                                ../start/lib/src/stm32f10x_gpio.o
GPIO_PinRemapConfig                               ../start/lib/src/stm32f10x_gpio.o
GPIO_ReadInputData                                ../start/lib/src/stm32f10x_gpio.o
GPIO_ReadInputDataBit                             ../start/lib/src/stm32f10x_gpio.o
GPIO_ReadOutputData                               ../start/lib/src/stm32f10x_gpio.o
GPIO_ReadOutputDataBit                            ../start/lib/src/stm32f10x_gpio.o
GPIO_ResetBits                                    ../start/lib/src/stm32f10x_gpio.o
                                                  ../User/main.o
GPIO_SetBits                                      ../start/lib/src/stm32f10x_gpio.o
GPIO_StructInit                                   ../start/lib/src/stm32f10x_gpio.o
GPIO_Write                                        ../start/lib/src/stm32f10x_gpio.o
GPIO_WriteBit                                     ../start/lib/src/stm32f10x_gpio.o
HardFault_Handler                                 ../User/stm32f10x_it.o
                                                  ../start/Gcc/startup_stm32f10x_md.o
I2C1_ER_IRQHandler                                ../start/Gcc/startup_stm32f10x_md.o
I2C1_EV_IRQHandler                                ../start/Gcc/startup_stm32f10x_md.o
I2C2_ER_IRQHandler                                ../start/Gcc/startup_stm32f10x_md.o
I2C2_EV_IRQHandler                                ../start/Gcc/startup_stm32f10x_md.o
I2C_ARPCmd                                        ../start/lib/src/stm32f10x_i2c.o
I2C_AcknowledgeConfig                             ../start/lib/src/stm32f10x_i2c.o
I2C_CalculatePEC                                  ../start/lib/src/stm32f10x_i2c.o
I2C_CheckEvent                                    ../start/lib/src/stm32f10x_i2c.o
I2C_ClearFlag                                     ../start/lib/src/stm32f10x_i2c.o
I2C_ClearITPendingBit                             ../start/lib/src/stm32f10x_i2c.o
I2C_Cmd                                           ../start/lib/src/stm32f10x_i2c.o
I2C_DMACmd                                        ../start/lib/src/stm32f10x_i2c.o
I2C_DMALastTransferCmd                            ../start/lib/src/stm32f10x_i2c.o
I2C_DeInit                                        ../start/lib/src/stm32f10x_i2c.o
I2C_DualAddressCmd                                ../start/lib/src/stm32f10x_i2c.o
I2C_FastModeDutyCycleConfig                       ../start/lib/src/stm32f10x_i2c.o
I2C_GeneralCallCmd                                ../start/lib/src/stm32f10x_i2c.o
I2C_GenerateSTART                                 ../start/lib/src/stm32f10x_i2c.o
I2C_GenerateSTOP                                  ../start/lib/src/stm32f10x_i2c.o
I2C_GetFlagStatus                                 ../start/lib/src/stm32f10x_i2c.o
I2C_GetITStatus                                   ../start/lib/src/stm32f10x_i2c.o
I2C_GetLastEvent                                  ../start/lib/src/stm32f10x_i2c.o
I2C_GetPEC                                        ../start/lib/src/stm32f10x_i2c.o
I2C_ITConfig                                      ../start/lib/src/stm32f10x_i2c.o
I2C_Init                                          ../start/lib/src/stm32f10x_i2c.o
I2C_NACKPositionConfig                            ../start/lib/src/stm32f10x_i2c.o
I2C_OwnAddress2Config                             ../start/lib/src/stm32f10x_i2c.o
I2C_PECPositionConfig                             ../start/lib/src/stm32f10x_i2c.o
I2C_ReadRegister                                  ../start/lib/src/stm32f10x_i2c.o
I2C_ReceiveData                                   ../start/lib/src/stm32f10x_i2c.o
I2C_SMBusAlertConfig                              ../start/lib/src/stm32f10x_i2c.o
I2C_Send7bitAddress                               ../start/lib/src/stm32f10x_i2c.o
I2C_SendData                                      ../start/lib/src/stm32f10x_i2c.o
I2C_SoftwareResetCmd                              ../start/lib/src/stm32f10x_i2c.o
I2C_StretchClockCmd                               ../start/lib/src/stm32f10x_i2c.o
I2C_StructInit                                    ../start/lib/src/stm32f10x_i2c.o
I2C_TransmitPEC                                   ../start/lib/src/stm32f10x_i2c.o
I2S_Cmd                                           ../start/lib/src/stm32f10x_spi.o
I2S_Init                                          ../start/lib/src/stm32f10x_spi.o
I2S_StructInit                                    ../start/lib/src/stm32f10x_spi.o
IWDG_Enable                                       ../start/lib/src/stm32f10x_iwdg.o
IWDG_GetFlagStatus                                ../start/lib/src/stm32f10x_iwdg.o
IWDG_ReloadCounter                                ../start/lib/src/stm32f10x_iwdg.o
IWDG_SetPrescaler                                 ../start/lib/src/stm32f10x_iwdg.o
IWDG_SetReload                                    ../start/lib/src/stm32f10x_iwdg.o
IWDG_WriteAccessCmd                               ../start/lib/src/stm32f10x_iwdg.o
MemManage_Handler                                 ../User/stm32f10x_it.o
                                                  ../start/Gcc/startup_stm32f10x_md.o
NMI_Handler                                       ../User/stm32f10x_it.o
                                                  ../start/Gcc/startup_stm32f10x_md.o
NVIC_Init                                         ../start/lib/src/misc.o
NVIC_PriorityGroupConfig                          ../start/lib/src/misc.o
NVIC_SetVectorTable                               ../start/lib/src/misc.o
NVIC_SystemLPConfig                               ../start/lib/src/misc.o
PVD_IRQHandler                                    ../start/Gcc/startup_stm32f10x_md.o
PWR_BackupAccessCmd                               ../start/lib/src/stm32f10x_pwr.o
PWR_ClearFlag                                     ../start/lib/src/stm32f10x_pwr.o
PWR_DeInit                                        ../start/lib/src/stm32f10x_pwr.o
PWR_EnterSTANDBYMode                              ../start/lib/src/stm32f10x_pwr.o
PWR_EnterSTOPMode                                 ../start/lib/src/stm32f10x_pwr.o
PWR_GetFlagStatus                                 ../start/lib/src/stm32f10x_pwr.o
PWR_PVDCmd                                        ../start/lib/src/stm32f10x_pwr.o
PWR_PVDLevelConfig                                ../start/lib/src/stm32f10x_pwr.o
PWR_WakeUpPinCmd                                  ../start/lib/src/stm32f10x_pwr.o
PendSV_Handler                                    ../User/stm32f10x_it.o
                                                  ../start/Gcc/startup_stm32f10x_md.o
RCC_ADCCLKConfig                                  ../start/lib/src/stm32f10x_rcc.o
RCC_AHBPeriphClockCmd                             ../start/lib/src/stm32f10x_rcc.o
RCC_APB1PeriphClockCmd                            ../start/lib/src/stm32f10x_rcc.o
RCC_APB1PeriphResetCmd                            ../start/lib/src/stm32f10x_rcc.o
                                                  ../start/lib/src/stm32f10x_wwdg.o
                                                  ../start/lib/src/stm32f10x_usart.o
                                                  ../start/lib/src/stm32f10x_tim.o
                                                  ../start/lib/src/stm32f10x_spi.o
                                                  ../start/lib/src/stm32f10x_pwr.o
                                                  ../start/lib/src/stm32f10x_i2c.o
                                                  ../start/lib/src/stm32f10x_dac.o
                                                  ../start/lib/src/stm32f10x_cec.o
                                                  ../start/lib/src/stm32f10x_can.o
RCC_APB2PeriphClockCmd                            ../start/lib/src/stm32f10x_rcc.o
                                                  ../User/main.o
RCC_APB2PeriphResetCmd                            ../start/lib/src/stm32f10x_rcc.o
                                                  ../start/lib/src/stm32f10x_usart.o
                                                  ../start/lib/src/stm32f10x_tim.o
                                                  ../start/lib/src/stm32f10x_spi.o
                                                  ../start/lib/src/stm32f10x_gpio.o
                                                  ../start/lib/src/stm32f10x_adc.o
RCC_AdjustHSICalibrationValue                     ../start/lib/src/stm32f10x_rcc.o
RCC_BackupResetCmd                                ../start/lib/src/stm32f10x_rcc.o
                                                  ../start/lib/src/stm32f10x_bkp.o
RCC_ClearFlag                                     ../start/lib/src/stm32f10x_rcc.o
RCC_ClearITPendingBit                             ../start/lib/src/stm32f10x_rcc.o
RCC_ClockSecuritySystemCmd                        ../start/lib/src/stm32f10x_rcc.o
RCC_DeInit                                        ../start/lib/src/stm32f10x_rcc.o
RCC_GetClocksFreq                                 ../start/lib/src/stm32f10x_rcc.o
                                                  ../start/lib/src/stm32f10x_usart.o
                                                  ../start/lib/src/stm32f10x_spi.o
                                                  ../start/lib/src/stm32f10x_i2c.o
RCC_GetFlagStatus                                 ../start/lib/src/stm32f10x_rcc.o
RCC_GetITStatus                                   ../start/lib/src/stm32f10x_rcc.o
RCC_GetSYSCLKSource                               ../start/lib/src/stm32f10x_rcc.o
RCC_HCLKConfig                                    ../start/lib/src/stm32f10x_rcc.o
RCC_HSEConfig                                     ../start/lib/src/stm32f10x_rcc.o
RCC_HSICmd                                        ../start/lib/src/stm32f10x_rcc.o
RCC_IRQHandler                                    ../start/Gcc/startup_stm32f10x_md.o
RCC_ITConfig                                      ../start/lib/src/stm32f10x_rcc.o
RCC_LSEConfig                                     ../start/lib/src/stm32f10x_rcc.o
RCC_LSICmd                                        ../start/lib/src/stm32f10x_rcc.o
RCC_MCOConfig                                     ../start/lib/src/stm32f10x_rcc.o
RCC_PCLK1Config                                   ../start/lib/src/stm32f10x_rcc.o
RCC_PCLK2Config                                   ../start/lib/src/stm32f10x_rcc.o
RCC_PLLCmd                                        ../start/lib/src/stm32f10x_rcc.o
RCC_PLLConfig                                     ../start/lib/src/stm32f10x_rcc.o
RCC_RTCCLKCmd                                     ../start/lib/src/stm32f10x_rcc.o
RCC_RTCCLKConfig                                  ../start/lib/src/stm32f10x_rcc.o
RCC_SYSCLKConfig                                  ../start/lib/src/stm32f10x_rcc.o
RCC_USBCLKConfig                                  ../start/lib/src/stm32f10x_rcc.o
RCC_WaitForHSEStartUp                             ../start/lib/src/stm32f10x_rcc.o
RTCAlarm_IRQHandler                               ../start/Gcc/startup_stm32f10x_md.o
RTC_ClearFlag                                     ../start/lib/src/stm32f10x_rtc.o
RTC_ClearITPendingBit                             ../start/lib/src/stm32f10x_rtc.o
RTC_EnterConfigMode                               ../start/lib/src/stm32f10x_rtc.o
RTC_ExitConfigMode                                ../start/lib/src/stm32f10x_rtc.o
RTC_GetCounter                                    ../start/lib/src/stm32f10x_rtc.o
RTC_GetDivider                                    ../start/lib/src/stm32f10x_rtc.o
RTC_GetFlagStatus                                 ../start/lib/src/stm32f10x_rtc.o
RTC_GetITStatus                                   ../start/lib/src/stm32f10x_rtc.o
RTC_IRQHandler                                    ../start/Gcc/startup_stm32f10x_md.o
RTC_ITConfig                                      ../start/lib/src/stm32f10x_rtc.o
RTC_SetAlarm                                      ../start/lib/src/stm32f10x_rtc.o
RTC_SetCounter                                    ../start/lib/src/stm32f10x_rtc.o
RTC_SetPrescaler                                  ../start/lib/src/stm32f10x_rtc.o
RTC_WaitForLastTask                               ../start/lib/src/stm32f10x_rtc.o
RTC_WaitForSynchro                                ../start/lib/src/stm32f10x_rtc.o
Reset_Handler                                     ../start/Gcc/startup_stm32f10x_md.o
SDIO_CEATAITCmd                                   ../start/lib/src/stm32f10x_sdio.o
SDIO_ClearFlag                                    ../start/lib/src/stm32f10x_sdio.o
SDIO_ClearITPendingBit                            ../start/lib/src/stm32f10x_sdio.o
SDIO_ClockCmd                                     ../start/lib/src/stm32f10x_sdio.o
SDIO_CmdStructInit                                ../start/lib/src/stm32f10x_sdio.o
SDIO_CommandCompletionCmd                         ../start/lib/src/stm32f10x_sdio.o
SDIO_DMACmd                                       ../start/lib/src/stm32f10x_sdio.o
SDIO_DataConfig                                   ../start/lib/src/stm32f10x_sdio.o
SDIO_DataStructInit                               ../start/lib/src/stm32f10x_sdio.o
SDIO_DeInit                                       ../start/lib/src/stm32f10x_sdio.o
SDIO_GetCommandResponse                           ../start/lib/src/stm32f10x_sdio.o
SDIO_GetDataCounter                               ../start/lib/src/stm32f10x_sdio.o
SDIO_GetFIFOCount                                 ../start/lib/src/stm32f10x_sdio.o
SDIO_GetFlagStatus                                ../start/lib/src/stm32f10x_sdio.o
SDIO_GetITStatus                                  ../start/lib/src/stm32f10x_sdio.o
SDIO_GetPowerState                                ../start/lib/src/stm32f10x_sdio.o
SDIO_GetResponse                                  ../start/lib/src/stm32f10x_sdio.o
SDIO_ITConfig                                     ../start/lib/src/stm32f10x_sdio.o
SDIO_Init                                         ../start/lib/src/stm32f10x_sdio.o
SDIO_ReadData                                     ../start/lib/src/stm32f10x_sdio.o
SDIO_SendCEATACmd                                 ../start/lib/src/stm32f10x_sdio.o
SDIO_SendCommand                                  ../start/lib/src/stm32f10x_sdio.o
SDIO_SendSDIOSuspendCmd                           ../start/lib/src/stm32f10x_sdio.o
SDIO_SetPowerState                                ../start/lib/src/stm32f10x_sdio.o
SDIO_SetSDIOOperation                             ../start/lib/src/stm32f10x_sdio.o
SDIO_SetSDIOReadWaitMode                          ../start/lib/src/stm32f10x_sdio.o
SDIO_StartSDIOReadWait                            ../start/lib/src/stm32f10x_sdio.o
SDIO_StopSDIOReadWait                             ../start/lib/src/stm32f10x_sdio.o
SDIO_StructInit                                   ../start/lib/src/stm32f10x_sdio.o
SDIO_WriteData                                    ../start/lib/src/stm32f10x_sdio.o
SPI1_IRQHandler                                   ../start/Gcc/startup_stm32f10x_md.o
SPI2_IRQHandler                                   ../start/Gcc/startup_stm32f10x_md.o
SPI_BiDirectionalLineConfig                       ../start/lib/src/stm32f10x_spi.o
SPI_CalculateCRC                                  ../start/lib/src/stm32f10x_spi.o
SPI_Cmd                                           ../start/lib/src/stm32f10x_spi.o
SPI_DataSizeConfig                                ../start/lib/src/stm32f10x_spi.o
SPI_GetCRC                                        ../start/lib/src/stm32f10x_spi.o
SPI_GetCRCPolynomial                              ../start/lib/src/stm32f10x_spi.o
SPI_I2S_ClearFlag                                 ../start/lib/src/stm32f10x_spi.o
SPI_I2S_ClearITPendingBit                         ../start/lib/src/stm32f10x_spi.o
SPI_I2S_DMACmd                                    ../start/lib/src/stm32f10x_spi.o
SPI_I2S_DeInit                                    ../start/lib/src/stm32f10x_spi.o
SPI_I2S_GetFlagStatus                             ../start/lib/src/stm32f10x_spi.o
SPI_I2S_GetITStatus                               ../start/lib/src/stm32f10x_spi.o
SPI_I2S_ITConfig                                  ../start/lib/src/stm32f10x_spi.o
SPI_I2S_ReceiveData                               ../start/lib/src/stm32f10x_spi.o
SPI_I2S_SendData                                  ../start/lib/src/stm32f10x_spi.o
SPI_Init                                          ../start/lib/src/stm32f10x_spi.o
SPI_NSSInternalSoftwareConfig                     ../start/lib/src/stm32f10x_spi.o
SPI_SSOutputCmd                                   ../start/lib/src/stm32f10x_spi.o
SPI_StructInit                                    ../start/lib/src/stm32f10x_spi.o
SPI_TransmitCRC                                   ../start/lib/src/stm32f10x_spi.o
SVC_Handler                                       ../User/stm32f10x_it.o
                                                  ../start/Gcc/startup_stm32f10x_md.o
SysTick_CLKSourceConfig                           ../start/lib/src/misc.o
SysTick_Handler                                   ../User/stm32f10x_it.o
                                                  ../start/Gcc/startup_stm32f10x_md.o
SystemCoreClock                                   ../start/CMSIS/system_stm32f10x.o
SystemCoreClockUpdate                             ../start/CMSIS/system_stm32f10x.o
SystemInit                                        ../start/CMSIS/system_stm32f10x.o
                                                  ../start/Gcc/startup_stm32f10x_md.o
TAMPER_IRQHandler                                 ../start/Gcc/startup_stm32f10x_md.o
TIM1_BRK_IRQHandler                               ../start/Gcc/startup_stm32f10x_md.o
TIM1_CC_IRQHandler                                ../start/Gcc/startup_stm32f10x_md.o
TIM1_TRG_COM_IRQHandler                           ../start/Gcc/startup_stm32f10x_md.o
TIM1_UP_IRQHandler                                ../start/Gcc/startup_stm32f10x_md.o
TIM2_IRQHandler                                   ../start/Gcc/startup_stm32f10x_md.o
TIM3_IRQHandler                                   ../start/Gcc/startup_stm32f10x_md.o
TIM4_IRQHandler                                   ../start/Gcc/startup_stm32f10x_md.o
TIM_ARRPreloadConfig                              ../start/lib/src/stm32f10x_tim.o
TIM_BDTRConfig                                    ../start/lib/src/stm32f10x_tim.o
TIM_BDTRStructInit                                ../start/lib/src/stm32f10x_tim.o
TIM_CCPreloadControl                              ../start/lib/src/stm32f10x_tim.o
TIM_CCxCmd                                        ../start/lib/src/stm32f10x_tim.o
TIM_CCxNCmd                                       ../start/lib/src/stm32f10x_tim.o
TIM_ClearFlag                                     ../start/lib/src/stm32f10x_tim.o
TIM_ClearITPendingBit                             ../start/lib/src/stm32f10x_tim.o
TIM_ClearOC1Ref                                   ../start/lib/src/stm32f10x_tim.o
TIM_ClearOC2Ref                                   ../start/lib/src/stm32f10x_tim.o
TIM_ClearOC3Ref                                   ../start/lib/src/stm32f10x_tim.o
TIM_ClearOC4Ref                                   ../start/lib/src/stm32f10x_tim.o
TIM_Cmd                                           ../start/lib/src/stm32f10x_tim.o
TIM_CounterModeConfig                             ../start/lib/src/stm32f10x_tim.o
TIM_CtrlPWMOutputs                                ../start/lib/src/stm32f10x_tim.o
TIM_DMACmd                                        ../start/lib/src/stm32f10x_tim.o
TIM_DMAConfig                                     ../start/lib/src/stm32f10x_tim.o
TIM_DeInit                                        ../start/lib/src/stm32f10x_tim.o
TIM_ETRClockMode1Config                           ../start/lib/src/stm32f10x_tim.o
TIM_ETRClockMode2Config                           ../start/lib/src/stm32f10x_tim.o
TIM_ETRConfig                                     ../start/lib/src/stm32f10x_tim.o
TIM_EncoderInterfaceConfig                        ../start/lib/src/stm32f10x_tim.o
TIM_ForcedOC1Config                               ../start/lib/src/stm32f10x_tim.o
TIM_ForcedOC2Config                               ../start/lib/src/stm32f10x_tim.o
TIM_ForcedOC3Config                               ../start/lib/src/stm32f10x_tim.o
TIM_ForcedOC4Config                               ../start/lib/src/stm32f10x_tim.o
TIM_GenerateEvent                                 ../start/lib/src/stm32f10x_tim.o
TIM_GetCapture1                                   ../start/lib/src/stm32f10x_tim.o
TIM_GetCapture2                                   ../start/lib/src/stm32f10x_tim.o
TIM_GetCapture3                                   ../start/lib/src/stm32f10x_tim.o
TIM_GetCapture4                                   ../start/lib/src/stm32f10x_tim.o
TIM_GetCounter                                    ../start/lib/src/stm32f10x_tim.o
TIM_GetFlagStatus                                 ../start/lib/src/stm32f10x_tim.o
TIM_GetITStatus                                   ../start/lib/src/stm32f10x_tim.o
TIM_GetPrescaler                                  ../start/lib/src/stm32f10x_tim.o
TIM_ICInit                                        ../start/lib/src/stm32f10x_tim.o
TIM_ICStructInit                                  ../start/lib/src/stm32f10x_tim.o
TIM_ITConfig                                      ../start/lib/src/stm32f10x_tim.o
TIM_ITRxExternalClockConfig                       ../start/lib/src/stm32f10x_tim.o
TIM_InternalClockConfig                           ../start/lib/src/stm32f10x_tim.o
TIM_OC1FastConfig                                 ../start/lib/src/stm32f10x_tim.o
TIM_OC1Init                                       ../start/lib/src/stm32f10x_tim.o
TIM_OC1NPolarityConfig                            ../start/lib/src/stm32f10x_tim.o
TIM_OC1PolarityConfig                             ../start/lib/src/stm32f10x_tim.o
TIM_OC1PreloadConfig                              ../start/lib/src/stm32f10x_tim.o
TIM_OC2FastConfig                                 ../start/lib/src/stm32f10x_tim.o
TIM_OC2Init                                       ../start/lib/src/stm32f10x_tim.o
TIM_OC2NPolarityConfig                            ../start/lib/src/stm32f10x_tim.o
TIM_OC2PolarityConfig                             ../start/lib/src/stm32f10x_tim.o
TIM_OC2PreloadConfig                              ../start/lib/src/stm32f10x_tim.o
TIM_OC3FastConfig                                 ../start/lib/src/stm32f10x_tim.o
TIM_OC3Init                                       ../start/lib/src/stm32f10x_tim.o
TIM_OC3NPolarityConfig                            ../start/lib/src/stm32f10x_tim.o
TIM_OC3PolarityConfig                             ../start/lib/src/stm32f10x_tim.o
TIM_OC3PreloadConfig                              ../start/lib/src/stm32f10x_tim.o
TIM_OC4FastConfig                                 ../start/lib/src/stm32f10x_tim.o
TIM_OC4Init                                       ../start/lib/src/stm32f10x_tim.o
TIM_OC4PolarityConfig                             ../start/lib/src/stm32f10x_tim.o
TIM_OC4PreloadConfig                              ../start/lib/src/stm32f10x_tim.o
TIM_OCStructInit                                  ../start/lib/src/stm32f10x_tim.o
TIM_PWMIConfig                                    ../start/lib/src/stm32f10x_tim.o
TIM_PrescalerConfig                               ../start/lib/src/stm32f10x_tim.o
TIM_SelectCCDMA                                   ../start/lib/src/stm32f10x_tim.o
TIM_SelectCOM                                     ../start/lib/src/stm32f10x_tim.o
TIM_SelectHallSensor                              ../start/lib/src/stm32f10x_tim.o
TIM_SelectInputTrigger                            ../start/lib/src/stm32f10x_tim.o
TIM_SelectMasterSlaveMode                         ../start/lib/src/stm32f10x_tim.o
TIM_SelectOCxM                                    ../start/lib/src/stm32f10x_tim.o
TIM_SelectOnePulseMode                            ../start/lib/src/stm32f10x_tim.o
TIM_SelectOutputTrigger                           ../start/lib/src/stm32f10x_tim.o
TIM_SelectSlaveMode                               ../start/lib/src/stm32f10x_tim.o
TIM_SetAutoreload                                 ../start/lib/src/stm32f10x_tim.o
TIM_SetClockDivision                              ../start/lib/src/stm32f10x_tim.o
TIM_SetCompare1                                   ../start/lib/src/stm32f10x_tim.o
TIM_SetCompare2                                   ../start/lib/src/stm32f10x_tim.o
TIM_SetCompare3                                   ../start/lib/src/stm32f10x_tim.o
TIM_SetCompare4                                   ../start/lib/src/stm32f10x_tim.o
TIM_SetCounter                                    ../start/lib/src/stm32f10x_tim.o
TIM_SetIC1Prescaler                               ../start/lib/src/stm32f10x_tim.o
TIM_SetIC2Prescaler                               ../start/lib/src/stm32f10x_tim.o
TIM_SetIC3Prescaler                               ../start/lib/src/stm32f10x_tim.o
TIM_SetIC4Prescaler                               ../start/lib/src/stm32f10x_tim.o
TIM_TIxExternalClockConfig                        ../start/lib/src/stm32f10x_tim.o
TIM_TimeBaseInit                                  ../start/lib/src/stm32f10x_tim.o
TIM_TimeBaseStructInit                            ../start/lib/src/stm32f10x_tim.o
TIM_UpdateDisableConfig                           ../start/lib/src/stm32f10x_tim.o
TIM_UpdateRequestConfig                           ../start/lib/src/stm32f10x_tim.o
USART1_IRQHandler                                 ../start/Gcc/startup_stm32f10x_md.o
USART2_IRQHandler                                 ../start/Gcc/startup_stm32f10x_md.o
USART3_IRQHandler                                 ../start/Gcc/startup_stm32f10x_md.o
USART_ClearFlag                                   ../start/lib/src/stm32f10x_usart.o
USART_ClearITPendingBit                           ../start/lib/src/stm32f10x_usart.o
USART_ClockInit                                   ../start/lib/src/stm32f10x_usart.o
USART_ClockStructInit                             ../start/lib/src/stm32f10x_usart.o
USART_Cmd                                         ../start/lib/src/stm32f10x_usart.o
USART_DMACmd                                      ../start/lib/src/stm32f10x_usart.o
USART_DeInit                                      ../start/lib/src/stm32f10x_usart.o
USART_GetFlagStatus                               ../start/lib/src/stm32f10x_usart.o
USART_GetITStatus                                 ../start/lib/src/stm32f10x_usart.o
USART_HalfDuplexCmd                               ../start/lib/src/stm32f10x_usart.o
USART_ITConfig                                    ../start/lib/src/stm32f10x_usart.o
USART_Init                                        ../start/lib/src/stm32f10x_usart.o
USART_IrDACmd                                     ../start/lib/src/stm32f10x_usart.o
USART_IrDAConfig                                  ../start/lib/src/stm32f10x_usart.o
USART_LINBreakDetectLengthConfig                  ../start/lib/src/stm32f10x_usart.o
USART_LINCmd                                      ../start/lib/src/stm32f10x_usart.o
USART_OneBitMethodCmd                             ../start/lib/src/stm32f10x_usart.o
USART_OverSampling8Cmd                            ../start/lib/src/stm32f10x_usart.o
USART_ReceiveData                                 ../start/lib/src/stm32f10x_usart.o
USART_ReceiverWakeUpCmd                           ../start/lib/src/stm32f10x_usart.o
USART_SendBreak                                   ../start/lib/src/stm32f10x_usart.o
USART_SendData                                    ../start/lib/src/stm32f10x_usart.o
USART_SetAddress                                  ../start/lib/src/stm32f10x_usart.o
USART_SetGuardTime                                ../start/lib/src/stm32f10x_usart.o
USART_SetPrescaler                                ../start/lib/src/stm32f10x_usart.o
USART_SmartCardCmd                                ../start/lib/src/stm32f10x_usart.o
USART_SmartCardNACKCmd                            ../start/lib/src/stm32f10x_usart.o
USART_StructInit                                  ../start/lib/src/stm32f10x_usart.o
USART_WakeUpConfig                                ../start/lib/src/stm32f10x_usart.o
USBWakeUp_IRQHandler                              ../start/Gcc/startup_stm32f10x_md.o
USB_HP_CAN1_TX_IRQHandler                         ../start/Gcc/startup_stm32f10x_md.o
USB_LP_CAN1_RX0_IRQHandler                        ../start/Gcc/startup_stm32f10x_md.o
UsageFault_Handler                                ../User/stm32f10x_it.o
                                                  ../start/Gcc/startup_stm32f10x_md.o
WWDG_ClearFlag                                    ../start/lib/src/stm32f10x_wwdg.o
WWDG_DeInit                                       ../start/lib/src/stm32f10x_wwdg.o
WWDG_Enable                                       ../start/lib/src/stm32f10x_wwdg.o
WWDG_EnableIT                                     ../start/lib/src/stm32f10x_wwdg.o
WWDG_GetFlagStatus                                ../start/lib/src/stm32f10x_wwdg.o
WWDG_IRQHandler                                   ../start/Gcc/startup_stm32f10x_md.o
WWDG_SetCounter                                   ../start/lib/src/stm32f10x_wwdg.o
WWDG_SetPrescaler                                 ../start/lib/src/stm32f10x_wwdg.o
WWDG_SetWindowValue                               ../start/lib/src/stm32f10x_wwdg.o
__LDREXB                                          ../start/CMSIS/core_cm3.o
__LDREXH                                          ../start/CMSIS/core_cm3.o
__LDREXW                                          ../start/CMSIS/core_cm3.o
__RBIT                                            ../start/CMSIS/core_cm3.o
__REV                                             ../start/CMSIS/core_cm3.o
__REV16                                           ../start/CMSIS/core_cm3.o
__REVSH                                           ../start/CMSIS/core_cm3.o
__STREXB                                          ../start/CMSIS/core_cm3.o
__STREXH                                          ../start/CMSIS/core_cm3.o
__STREXW                                          ../start/CMSIS/core_cm3.o
__get_BASEPRI                                     ../start/CMSIS/core_cm3.o
__get_CONTROL                                     ../start/CMSIS/core_cm3.o
__get_FAULTMASK                                   ../start/CMSIS/core_cm3.o
__get_MSP                                         ../start/CMSIS/core_cm3.o
__get_PRIMASK                                     ../start/CMSIS/core_cm3.o
__get_PSP                                         ../start/CMSIS/core_cm3.o
__set_BASEPRI                                     ../start/CMSIS/core_cm3.o
__set_CONTROL                                     ../start/CMSIS/core_cm3.o
__set_FAULTMASK                                   ../start/CMSIS/core_cm3.o
__set_MSP                                         ../start/CMSIS/core_cm3.o
__set_PRIMASK                                     ../start/CMSIS/core_cm3.o
__set_PSP                                         ../start/CMSIS/core_cm3.o
_ebss                                             ../start/Gcc/startup_stm32f10x_md.o
_edata                                            ../start/Gcc/startup_stm32f10x_md.o
_estack                                           ../start/Gcc/startup_stm32f10x_md.o
_sbss                                             ../start/Gcc/startup_stm32f10x_md.o
_sdata                                            ../start/Gcc/startup_stm32f10x_md.o
_sidata                                           ../start/Gcc/startup_stm32f10x_md.o
g_pfnVectors                                      ../start/Gcc/startup_stm32f10x_md.o
main                                              ../User/main.o
                                                  ../start/Gcc/startup_stm32f10x_md.o
